06-27 10:29:09.936  4241  4279 E ThermalHalWrapper: Couldn't get temperatures because of HAL error: Failed to read data
06-27 10:29:10.077  3832  3873 E Netd    : getNetworkForDns: getNetId from enterpriseCtrl is netid 0
06-27 10:29:10.079  4241  6470 D NetdEventListenerService: DNS Requested by : 617, 10430
06-27 10:29:10.081  3832  3881 E Netd    : getNetworkForDns: getNetId from enterpriseCtrl is netid 0
06-27 10:29:10.665  4587  4788 D NetworkController.SecMobileSignalController(0/2): onSignalStrengthsChanged level=3
06-27 10:29:10.666  4587  4788 D MobileSignalIconsSelector: getDataIconGroup(): 13
06-27 10:29:10.666  4587  4788 D MobileSignalIconsSelector: updateTelephony : optionalRadioTech = 0
06-27 10:29:10.910  4241  4279 E ThermalHalWrapper: Couldn't get temperatures because of HAL error: Failed to read data
06-27 10:29:10.912  4241  4279 E ThermalHalWrapper: Couldn't get temperatures because of HAL error: Failed to read data
06-27 10:29:10.920  4241  4279 E ThermalHalWrapper: Couldn't get temperatures because of HAL error: Failed to read data
06-27 10:29:10.922  4241  4279 E ThermalHalWrapper: Couldn't get temperatures because of HAL error: Failed to read data
06-27 10:29:10.923  4241  4279 E ThermalHalWrapper: Couldn't get temperatures because of HAL error: Failed to read data
06-27 10:29:10.924  4241  4279 E ThermalHalWrapper: Couldn't get temperatures because of HAL error: Failed to read data
06-27 10:29:10.925  4241  4279 E ThermalHalWrapper: Couldn't get temperatures because of HAL error: Failed to read data
06-27 10:29:10.927  4241  4279 E ThermalHalWrapper: Couldn't get temperatures because of HAL error: Failed to read data
06-27 10:29:10.931  4241  4279 E ThermalHalWrapper: Couldn't get temperatures because of HAL error: Failed to read data
06-27 10:29:10.934  4241  4279 E ThermalHalWrapper: Couldn't get temperatures because of HAL error: Failed to read data
06-27 10:29:10.939  4241  4279 E ThermalHalWrapper: Couldn't get temperatures because of HAL error: Failed to read data
06-27 10:29:10.940  4241  4279 E ThermalHalWrapper: Couldn't get temperatures because of HAL error: Failed to read data
06-27 10:29:11.113  3762  3762 I io_stats: !@ 179,0 r 21775238 379098962 w 1505478 29245500 d 260442 13936752 f 126274 393006 iot 8491188 6630243 th 51200 51200 38556 pt 40180 inp 0 0 63711.723
06-27 10:29:11.297  4241  4390 D SamsungAlarmManager: Expired : 4
06-27 10:29:11.305  4241  4390 V SamsungAlarmManager: Sending to uid : 10274 action=com.whatsapp.MessageHandler.LOGOUT_ACTION alarm=Alarm{486efe9 type 2 when 145713369 com.whatsapp}
06-27 10:29:11.308  4241  4390 D ActivityManager: Received BROADCAST intent 0xcc26c30 Key{broadcastIntent pkg=com.whatsapp intent=act=com.whatsapp.MessageHandler.LOGOUT_ACTION pkg=com.whatsapp flags=0x4000000 u=0} requestCode=0 sent=0 from uid 1000
06-27 10:29:11.337  4241  4390 I SamsungAlarmManager: setLocked to kernel - T:2 / 20260627T102959, set=145761471, now=145713409
06-27 10:29:11.338  4241  4390 I SamsungAlarmManager: setLocked to kernel - T:3 / 20260627T102941, set=145743257, now=145713410
06-27 10:29:11.346  4241  4272 D PowerManagerService: [api] setDeviceIdleTempWhitelist: appids: [0]10274  (uid: 1000 pid: 4241)
06-27 10:29:11.380  4241  6505 D SamsungAlarmManager: Cancel Alarm calling from uid:10274 pid :17382 / OP:PendingIntent{ef8a70f: PendingIntentRecord{cc26c30 com.whatsapp broadcastIntent}}
06-27 10:29:11.678 17382 23401 E msys    : E[N WA]_WAJMNSStreamImplOnMNSFailure(287)=>[LogLevel:I] WAJMNSStream/impl/callback/onMNSFailure/p=0x7abe0da680 (error=MNSTCPSocketReceive(): Received EOF)
06-27 10:29:11.684 17382 23401 E msys    : E[N WA]_WAJMNSStreamImplCreateConnectionReport(194)=>[LogLevel:I] WAJMNSStream/impl/report port=443, connectedIPVersion=6, resolvedIPAddressCount=2, dnsResolutionStartTimeMS=63382813, dnsResolutionEndTimeMS=63382818, dnsCacheHit=Yes, connectStartTimeMS=63382818, connectEndTimeMS=63382861, proxyConnectStartTimeMS=0, proxyConnectEndTimeMS=0
06-27 10:29:11.686 17382 23401 E msys    : E[N WA]_WAJMNSStreamImplUpdateStreamState(230)=>[LogLevel:I] WAJMNSStream/impl/state-changed/p=0x7abe0da680 (connected=>disconnected)
06-27 10:29:11.764 17382 23369 E msys    : E[N WA]WAJMNSStreamImplDisconnectSync(514)=>[LogLevel:W] WAJMNSStream/impl/disconnect/p=0x7abe0da680 (bytesSent=4294)(bytesRecv=8155)
06-27 10:29:11.865  4241  6505 D SamsungAlarmManager: Cancel Alarm calling from uid:10274 pid :17382 / OP:PendingIntent{75fe39c: PendingIntentRecord{bb84f6e com.whatsapp broadcastIntent}}
06-27 10:29:11.867  4241  6505 I SamsungAlarmManager: setLocked to kernel - T:2 / 20260627T102959, set=145761471, now=145713938
06-27 10:29:11.867  4241  6505 I SamsungAlarmManager: setLocked to kernel - T:3 / 20260627T102941, set=145743257, now=145713939
06-27 10:29:11.910  4241  4279 E ThermalHalWrapper: Couldn't get temperatures because of HAL error: Failed to read data
06-27 10:29:11.911  4241  4279 E ThermalHalWrapper: Couldn't get temperatures because of HAL error: Failed to read data
06-27 10:29:11.913  4241  4279 E ThermalHalWrapper: Couldn't get temperatures because of HAL error: Failed to read data
06-27 10:29:11.922  4241  4279 E ThermalHalWrapper: Couldn't get temperatures because of HAL error: Failed to read data
06-27 10:29:11.923  4241  4279 E ThermalHalWrapper: Couldn't get temperatures because of HAL error: Failed to read data
06-27 10:29:11.925  4241  4279 E ThermalHalWrapper: Couldn't get temperatures because of HAL error: Failed to read data
06-27 10:29:11.926  4241  4279 E ThermalHalWrapper: Couldn't get temperatures because of HAL error: Failed to read data
06-27 10:29:11.927  4241  4279 E ThermalHalWrapper: Couldn't get temperatures because of HAL error: Failed to read data
06-27 10:29:11.933  4241  4279 E ThermalHalWrapper: Couldn't get temperatures because of HAL error: Failed to read data
06-27 10:29:11.934  4241  4279 E ThermalHalWrapper: Couldn't get temperatures because of HAL error: Failed to read data
06-27 10:29:11.940  4241  4279 E ThermalHalWrapper: Couldn't get temperatures because of HAL error: Failed to read data
06-27 10:29:11.941  4241  4279 E ThermalHalWrapper: Couldn't get temperatures because of HAL error: Failed to read data
06-27 10:29:12.115  3832  3873 E Netd    : getNetworkForDns: getNetId from enterpriseCtrl is netid 0
06-27 10:29:12.118  4241  6505 D NetdEventListenerService: DNS Requested by : 617, 10430
06-27 10:29:12.120  3832  3881 E Netd    : getNetworkForDns: getNetId from enterpriseCtrl is netid 0
06-27 10:29:12.830  3818  3818 E audit   : type=1400 audit(1782574152.827:35389): avc:  denied  { write } for  pid=18489 comm="ThreadPoolForeg" name="traced_producer" dev="tmpfs" ino=9631 scontext=u:r:gmscore_app:s0:c512,c768 tcontext=u:object_r:traced_producer_socket:s0 tclass=sock_file permissive=0 SEPF_SM-A305G_11_0010 audit_filtered
06-27 10:29:12.831  3818  3818 E audit   : type=1300 audit(1782574152.827:35389): arch=c00000b7 syscall=203 success=no exit=-13 a0=5c a1=7b2c74a100 a2=1e a3=ffffffff95c10c98 items=0 ppid=3833 pid=18489 auid=4294967295 uid=10094 gid=10094 euid=10094 suid=10094 fsuid=10094 egid=10094 sgid=10094 fsgid=10094 tty=(none) ses=4294967295 comm="ThreadPoolForeg" exe="/system/bin/app_process64" subj=u:r:gmscore_app:s0:c512,c768 key=(null)
06-27 10:29:12.831  3818  3818 E audit   : type=1327 audit(1782574152.827:35389): proctitle="com.google.android.gms.persistent"
06-27 10:29:12.912  4241  4279 E ThermalHalWrapper: Couldn't get temperatures because of HAL error: Failed to read data
06-27 10:29:12.913  4241  4279 E ThermalHalWrapper: Couldn't get temperatures because of HAL error: Failed to read data
06-27 10:29:12.914  4241  4279 E ThermalHalWrapper: Couldn't get temperatures because of HAL error: Failed to read data
06-27 10:29:12.922  4241  4279 E ThermalHalWrapper: Couldn't get temperatures because of HAL error: Failed to read data
06-27 10:29:12.923  4241  4279 E ThermalHalWrapper: Couldn't get temperatures because of HAL error: Failed to read data
06-27 10:29:12.926  4241  4279 E ThermalHalWrapper: Couldn't get temperatures because of HAL error: Failed to read data
06-27 10:29:12.927  4241  4279 E ThermalHalWrapper: Couldn't get temperatures because of HAL error: Failed to read data
06-27 10:29:12.929  4241  4279 E ThermalHalWrapper: Couldn't get temperatures because of HAL error: Failed to read data
06-27 10:29:12.932  4241  4279 E ThermalHalWrapper: Couldn't get temperatures because of HAL error: Failed to read data
06-27 10:29:12.935  4241  4279 E ThermalHalWrapper: Couldn't get temperatures because of HAL error: Failed to read data
06-27 10:29:12.939  4241  4279 E ThermalHalWrapper: Couldn't get temperatures because of HAL error: Failed to read data
06-27 10:29:12.941  4241  4279 E ThermalHalWrapper: Couldn't get temperatures because of HAL error: Failed to read data
06-27 10:29:13.110  4241  4459 D ConnectivityService: Connectivity-MDO: 10226 is true
06-27 10:29:13.111  4241  4459 D ConnectivityService: Connectivity-MDO change default network for 10226, type: mdo
06-27 10:29:13.114  4241  4459 D ConnectivityService: Connectivity-MDO: 10185 is true
06-27 10:29:13.114  4241  4459 D ConnectivityService: Connectivity-MDO change default network for 10185, type: mdo
06-27 10:29:13.117  3762  3762 I io_stats: !@ 179,0 r 21775778 379104910 w 1505478 29245500 d 260442 13936752 f 126274 393006 iot 8491388 6630397 th 51200 51200 38556 pt 40180 inp 0 0 63713.727
06-27 10:29:13.126  4241  4459 I WifiConnectivityMonitor.NetworkCallbackController: sNetworkCallback onCapabilitiesChanged: 617[ Transports: WIFI Capabilities: NOT_METERED&INTERNET&NOT_RESTRICTED&TRUSTED&NOT_VPN&VALIDATED&NOT_ROAMING&FOREGROUND&NOT_CONGESTED&NOT_SUSPENDED LinkUpBandwidth>=2681Kbps LinkDnBandwidth>=687Kbps SignalStrength: -64 OwnerUid: 1000 AdministratorUids: [] SSID: "TP-Link_8E8E" RequestorUid: -1 RequestorPackageName: null]
06-27 10:29:13.135  7006  7907 I HBD     : g onCapabilitiesChanged network : 617 current network state : wifi 
06-27 10:29:13.140  4241  4459 D SemWifiSwitchForIndividualAppsService: stopTCPMonitoring : already stopped
06-27 10:29:13.140  4241  4459 D SemWifiTransportLayerNotificationManager: showTcpMonitorSuggestionNotification: false, null
06-27 10:29:13.140  4241  4459 D SemWifiTransportLayerNotificationManager: showTcpMonitorHeadUpNotification: false, 0, null
06-27 10:29:13.140  4241  4459 D SemWifiTransportLayerNotificationManager: showTcpMonitorNotification: false, 0, null
06-27 10:29:13.238  7006  7006 I HBD     : g onCapabilityChanged setNetworkState currentNetworkState : wifi, currentActiveNetwork : 617 ,currentNetworkCapabilities : [ Transports: WIFI Capabilities: NOT_METERED&INTERNET&NOT_RESTRICTED&TRUSTED&NOT_VPN&VALIDATED&NOT_ROAMING&FOREGROUND&NOT_CONGESTED&NOT_SUSPENDED LinkUpBandwidth>=2681Kbps LinkDnBandwidth>=687Kbps SignalStrength: -64 AdministratorUids: [] RequestorUid: -1 RequestorPackageName: null] 
06-27 10:29:13.644 18489 16903 I NearbySharing: Network state changed: NetworkState(isRestricted=false, isOnline=true, isCongested=false, isMetered=false, isWifiConnected=true)
06-27 10:29:13.685  3908  3908 I SurfaceFlinger: SFWD update time=63714296258735
06-27 10:29:13.915  4241  4279 E ThermalHalWrapper: Couldn't get temperatures because of HAL error: Failed to read data
06-27 10:29:13.917  4241  4279 E ThermalHalWrapper: Couldn't get temperatures because of HAL error: Failed to read data
06-27 10:29:13.918  4241  4279 E ThermalHalWrapper: Couldn't get temperatures because of HAL error: Failed to read data
06-27 10:29:13.923  4241  4279 E ThermalHalWrapper: Couldn't get temperatures because of HAL error: Failed to read data
06-27 10:29:13.924  4241  4279 E ThermalHalWrapper: Couldn't get temperatures because of HAL error: Failed to read data
06-27 10:29:13.927  4241  4279 E ThermalHalWrapper: Couldn't get temperatures because of HAL error: Failed to read data
06-27 10:29:13.929  4241  4279 E ThermalHalWrapper: Couldn't get temperatures because of HAL error: Failed to read data
06-27 10:29:13.931  4241  4279 E ThermalHalWrapper: Couldn't get temperatures because of HAL error: Failed to read data
06-27 10:29:13.933  4241  4279 E ThermalHalWrapper: Couldn't get temperatures because of HAL error: Failed to read data
06-27 10:29:13.937  4241  4279 E ThermalHalWrapper: Couldn't get temperatures because of HAL error: Failed to read data
06-27 10:29:13.941  4241  4279 E ThermalHalWrapper: Couldn't get temperatures because of HAL error: Failed to read data
06-27 10:29:13.942  4241  4279 E ThermalHalWrapper: Couldn't get temperatures because of HAL error: Failed to read data
06-27 10:29:14.156  3832  3873 E Netd    : getNetworkForDns: getNetId from enterpriseCtrl is netid 0
06-27 10:29:14.158  4241  6505 D NetdEventListenerService: DNS Requested by : 617, 10430
06-27 10:29:14.161  3832  3881 E Netd    : getNetworkForDns: getNetId from enterpriseCtrl is netid 0
06-27 10:29:14.261  4241  4426 V NetworkPolicy: updateNotificationsNL() - totalBytes : 3957910744, policy : NetworkPolicy{template=NetworkTemplate: matchRule=MOBILE, subscriberId=716101..., matchSubscriberIds=[716101...] cycleRule=RecurrenceRule{start=2023-01-01T00:00-05:00[America/Lima] end=null period=P1M} warningBytes=40000000000 limitBytes=49999998976 lastWarningSnooze=-1 lastLimitSnooze=-1 lastRapidSnooze=-1 metered=true inferred=false}, CallingUID: 1000
06-27 10:29:14.352  4241  4426 V NetworkPolicy: updateNotificationsNL() - totalBytes : 3957910744, policy : NetworkPolicy{template=NetworkTemplate: matchRule=MOBILE, subscriberId=716101..., matchSubscriberIds=[716101...] cycleRule=RecurrenceRule{start=2023-01-01T00:00-05:00[America/Lima] end=null period=P1M} warningBytes=40000000000 limitBytes=49999998976 lastWarningSnooze=-1 lastLimitSnooze=-1 lastRapidSnooze=-1 metered=true inferred=false}, CallingUID: 1000
06-27 10:29:14.502  4587  4788 D NetworkController.SecMobileSignalController(0/2): onSignalStrengthsChanged level=3
06-27 10:29:14.503  4587  4788 D MobileSignalIconsSelector: getDataIconGroup(): 13
06-27 10:29:14.503  4587  4788 D MobileSignalIconsSelector: updateTelephony : optionalRadioTech = 0
06-27 10:29:14.916  4241  4279 E ThermalHalWrapper: Couldn't get temperatures because of HAL error: Failed to read data
06-27 10:29:14.919  4241  4279 E ThermalHalWrapper: Couldn't get temperatures because of HAL error: Failed to read data
06-27 10:29:14.922  4241  4279 E ThermalHalWrapper: Couldn't get temperatures because of HAL error: Failed to read data
06-27 10:29:14.923  4241  4279 E ThermalHalWrapper: Couldn't get temperatures because of HAL error: Failed to read data
06-27 10:29:14.924  4241  4279 E ThermalHalWrapper: Couldn't get temperatures because of HAL error: Failed to read data
06-27 10:29:14.926  4241  4279 E ThermalHalWrapper: Couldn't get temperatures because of HAL error: Failed to read data
06-27 10:29:14.929  4241  4279 E ThermalHalWrapper: Couldn't get temperatures because of HAL error: Failed to read data
06-27 10:29:14.930  4241  4279 E ThermalHalWrapper: Couldn't get temperatures because of HAL error: Failed to read data
06-27 10:29:14.933  4241  4279 E ThermalHalWrapper: Couldn't get temperatures because of HAL error: Failed to read data
06-27 10:29:14.937  4241  4279 E ThermalHalWrapper: Couldn't get temperatures because of HAL error: Failed to read data
06-27 10:29:14.941  4241  4279 E ThermalHalWrapper: Couldn't get temperatures because of HAL error: Failed to read data
06-27 10:29:14.942  4241  4279 E ThermalHalWrapper: Couldn't get temperatures because of HAL error: Failed to read data
